2022-12-23T14:14:25.722834Z	   61 Execute	SELECT DATE_FORMAT(th_dts, '%Y-%m-%d %H:%i:%s.%f'), th_st_id FROM trade_history WHERE th_t_id = 200000006255189 ORDER BY th_dts LIMIT 3
2022-12-23T14:14:25.722919Z	   76 Execute	SELECT ct_amt, DATE_FORMAT(ct_dts, '%Y-%m-%d %H:%i:%s.%f'), ct_name FROM cash_transaction WHERE ct_t_id = 200000002893406
2022-12-23T14:14:25.723017Z	   39 Execute	SELECT ct_amt, DATE_FORMAT(ct_dts, '%Y-%m-%d %H:%i:%s.%f'), ct_name FROM cash_transaction WHERE ct_t_id = 200000008135287
2022-12-23T14:14:25.723091Z	   59 Execute	SELECT DATE_FORMAT(th_dts, '%Y-%m-%d %H:%i:%s.%f'), th_st_id FROM trade_history WHERE th_t_id = 200000004912563 ORDER BY th_dts LIMIT 3
2022-12-23T14:14:25.723183Z	   20 Execute	SELECT DATE_FORMAT(th_dts, '%Y-%m-%d %H:%i:%s.%f'), th_st_id FROM trade_history WHERE th_t_id = 200000002880051 ORDER BY th_dts LIMIT 3
2022-12-23T14:14:25.723237Z	   70 Execute	SELECT ct_amt, DATE_FORMAT(ct_dts, '%Y-%m-%d %H:%i:%s.%f'), ct_name FROM cash_transaction WHERE ct_t_id = 200000005773916
2022-12-23T14:14:25.723647Z	   39 Execute	SELECT DATE_FORMAT(th_dts, '%Y-%m-%d %H:%i:%s.%f'), th_st_id FROM trade_history WHERE th_t_id = 200000008135287 ORDER BY th_dts ASC LIMIT 3
2022-12-23T14:14:25.723700Z	   38 Query	commit
2022-12-23T14:14:25.724350Z	   61 Execute	SELECT se_amt, DATE_FORMAT(se_cash_due_date, '%Y-%m-%d'), se_cash_type FROM settlement WHERE se_t_id = 200000006257263
2022-12-23T14:14:25.724419Z	   76 Execute	SELECT DATE_FORMAT(th_dts, '%Y-%m-%d %H:%i:%s.%f'), th_st_id FROM trade_history WHERE th_t_id = 200000002893406 ORDER BY th_dts LIMIT 3
2022-12-23T14:14:25.724476Z	   46 Execute	SELECT ct_amt, DATE_FORMAT(ct_dts, '%Y-%m-%d %H:%i:%s.%f'), ct_name FROM cash_transaction WHERE ct_t_id = 200000002885371
2022-12-23T14:14:25.724631Z	   38 Execute	SET TRANSACTION ISOLATION LEVEL READ COMMITTED
2022-12-23T14:14:25.724695Z	   70 Execute	SELECT DATE_FORMAT(th_dts, '%Y-%m-%d %H:%i:%s.%f'), th_st_id FROM trade_history WHERE th_t_id = 200000005773916 ORDER BY th_dts ASC LIMIT 3
2022-12-23T14:14:25.724862Z	   20 Execute	SELECT se_amt, DATE_FORMAT(se_cash_due_date, '%Y-%m-%d'), se_cash_type FROM settlement WHERE se_t_id = 200000002888492
2022-12-23T14:14:25.725005Z	   38 Execute	SELECT t_bid_price, t_exec_name, t_is_cash, tt_is_mrkt, t_trade_price FROM trade, trade_type WHERE t_id = 200000008273677 AND t_tt_id = tt_id
2022-12-23T14:14:25.725247Z	   61 Execute	SELECT ct_amt, DATE_FORMAT(ct_dts, '%Y-%m-%d %H:%i:%s.%f'), ct_name FROM cash_transaction WHERE ct_t_id = 200000006257263
2022-12-23T14:14:25.725322Z	   39 Execute	SELECT se_amt, DATE_FORMAT(se_cash_due_date, '%Y-%m-%d'), se_cash_type FROM settlement WHERE se_t_id = 200000006390255
2022-12-23T14:14:25.725380Z	   46 Execute	SELECT DATE_FORMAT(th_dts, '%Y-%m-%d %H:%i:%s.%f'), th_st_id FROM trade_history WHERE th_t_id = 200000002885371 ORDER BY th_dts LIMIT 3
2022-12-23T14:14:25.725522Z	   18 Execute	SELECT c_l_name, c_f_name, b_name FROM customer_account, customer, broker WHERE ca_id = 43000021953 AND c_id = ca_c_id AND b_id = ca_b_id
2022-12-23T14:14:25.725694Z	   70 Execute	SELECT se_amt, DATE_FORMAT(se_cash_due_date, '%Y-%m-%d'), se_cash_type FROM settlement WHERE se_t_id = 200000004030280
2022-12-23T14:14:25.725758Z	   20 Execute	SELECT ct_amt, DATE_FORMAT(ct_dts, '%Y-%m-%d %H:%i:%s.%f'), ct_name FROM cash_transaction WHERE ct_t_id = 200000002888492
2022-12-23T14:14:25.725827Z	   61 Execute	SELECT DATE_FORMAT(th_dts, '%Y-%m-%d %H:%i:%s.%f'), th_st_id FROM trade_history WHERE th_t_id = 200000006257263 ORDER BY th_dts LIMIT 3
2022-12-23T14:14:25.726009Z	   59 Execute	SELECT se_amt, DATE_FORMAT(se_cash_due_date, '%Y-%m-%d'), se_cash_type FROM settlement WHERE se_t_id = 200000004916991
2022-12-23T14:14:25.726073Z	   76 Execute	SELECT se_amt, DATE_FORMAT(se_cash_due_date, '%Y-%m-%d'), se_cash_type FROM settlement WHERE se_t_id = 200000002922144
2022-12-23T14:14:25.726117Z	   39 Execute	SELECT ct_amt, DATE_FORMAT(ct_dts, '%Y-%m-%d %H:%i:%s.%f'), ct_name FROM cash_transaction WHERE ct_t_id = 200000006390255
2022-12-23T14:14:25.726285Z	   70 Execute	SELECT ct_amt, DATE_FORMAT(ct_dts, '%Y-%m-%d %H:%i:%s.%f'), ct_name FROM cash_transaction WHERE ct_t_id = 200000004030280
2022-12-23T14:14:25.726442Z	   46 Execute	SELECT se_amt, DATE_FORMAT(se_cash_due_date, '%Y-%m-%d'), se_cash_type FROM settlement WHERE se_t_id = 200000002895883
2022-12-23T14:14:25.726495Z	   39 Execute	SELECT DATE_FORMAT(th_dts, '%Y-%m-%d %H:%i:%s.%f'), th_st_id FROM trade_history WHERE th_t_id = 200000006390255 ORDER BY th_dts ASC LIMIT 3
2022-12-23T14:14:25.726597Z	   20 Execute	SELECT DATE_FORMAT(th_dts, '%Y-%m-%d %H:%i:%s.%f'), th_st_id FROM trade_history WHERE th_t_id = 200000002888492 ORDER BY th_dts LIMIT 3
2022-12-23T14:14:25.726645Z	   76 Execute	SELECT ct_amt, DATE_FORMAT(ct_dts, '%Y-%m-%d %H:%i:%s.%f'), ct_name FROM cash_transaction WHERE ct_t_id = 200000002922144
2022-12-23T14:14:25.726681Z	   61 Execute	SELECT se_amt, DATE_FORMAT(se_cash_due_date, '%Y-%m-%d'), se_cash_type FROM settlement WHERE se_t_id = 200000006266173
2022-12-23T14:14:25.726781Z	   59 Execute	SELECT ct_amt, DATE_FORMAT(ct_dts, '%Y-%m-%d %H:%i:%s.%f'), ct_name FROM cash_transaction WHERE ct_t_id = 200000004916991
2022-12-23T14:14:25.726828Z	   46 Execute	SELECT ct_amt, DATE_FORMAT(ct_dts, '%Y-%m-%d %H:%i:%s.%f'), ct_name FROM cash_transaction WHERE ct_t_id = 200000002895883
2022-12-23T14:14:25.727114Z	   70 Execute	SELECT DATE_FORMAT(th_dts, '%Y-%m-%d %H:%i:%s.%f'), th_st_id FROM trade_history WHERE th_t_id = 200000004030280 ORDER BY th_dts ASC LIMIT 3
2022-12-23T14:14:25.727312Z	   76 Execute	SELECT DATE_FORMAT(th_dts, '%Y-%m-%d %H:%i:%s.%f'), th_st_id FROM trade_history WHERE th_t_id = 200000002922144 ORDER BY th_dts LIMIT 3
2022-12-23T14:14:25.727374Z	   61 Execute	SELECT ct_amt, DATE_FORMAT(ct_dts, '%Y-%m-%d %H:%i:%s.%f'), ct_name FROM cash_transaction WHERE ct_t_id = 200000006266173
2022-12-23T14:14:25.727471Z	   59 Execute	SELECT DATE_FORMAT(th_dts, '%Y-%m-%d %H:%i:%s.%f'), th_st_id FROM trade_history WHERE th_t_id = 200000004916991 ORDER BY th_dts LIMIT 3
2022-12-23T14:14:25.727563Z	   39 Execute	SELECT se_amt, DATE_FORMAT(se_cash_due_date, '%Y-%m-%d'), se_cash_type FROM settlement WHERE se_t_id = 200000002900289
2022-12-23T14:14:25.727611Z	   46 Execute	SELECT DATE_FORMAT(th_dts, '%Y-%m-%d %H:%i:%s.%f'), th_st_id FROM trade_history WHERE th_t_id = 200000002895883 ORDER BY th_dts LIMIT 3
2022-12-23T14:14:25.727707Z	   61 Execute	SELECT DATE_FORMAT(th_dts, '%Y-%m-%d %H:%i:%s.%f'), th_st_id FROM trade_history WHERE th_t_id = 200000006266173 ORDER BY th_dts LIMIT 3
2022-12-23T14:14:25.727843Z	   70 Execute	SELECT se_amt, DATE_FORMAT(se_cash_due_date, '%Y-%m-%d'), se_cash_type FROM settlement WHERE se_t_id = 200000007522434
2022-12-23T14:14:25.728310Z	   84 Execute	SELECT tr_t_id, tr_bid_price, tr_tt_id, tr_qty FROM trade_request WHERE tr_s_symb = 'AXE' AND ((tr_tt_id = 'TSL' AND tr_bid_price >= 20.99) OR (tr_tt_id = 'TLS' AND tr_bid_price <= 20.99) OR (tr_tt_id = 'TLB' AND tr_bid_price >= 20.99))
2022-12-23T14:14:25.728466Z	   84 Query	commit
2022-12-23T14:14:25.729007Z	   84 Execute	SET TRANSACTION ISOLATION LEVEL REPEATABLE READ
2022-12-23T14:14:25.729036Z	   84 Execute	UPDATE last_trade SET lt_price = 28.25, lt_vol = lt_vol + 400, lt_dts = '2022-12-23 18:14:25' WHERE lt_s_symb = 'CBNV'
2022-12-23T14:14:25.729199Z	   84 Execute	SELECT tr_t_id, tr_bid_price, tr_tt_id, tr_qty FROM trade_request WHERE tr_s_symb = 'CBNV' AND ((tr_tt_id = 'TSL' AND tr_bid_price >= 28.25) OR (tr_tt_id = 'TLS' AND tr_bid_price <= 28.25) OR (tr_tt_id = 'TLB' AND tr_bid_price >= 28.25))
2022-12-23T14:14:25.729312Z	   84 Query	commit
2022-12-23T14:14:25.730193Z	   84 Execute	SET TRANSACTION ISOLATION LEVEL REPEATABLE READ
2022-12-23T14:14:25.730220Z	   84 Execute	UPDATE last_trade SET lt_price = 29.83, lt_vol = lt_vol + 325, lt_dts = '2022-12-23 18:14:25' WHERE lt_s_symb = 'EMBT'
2022-12-23T14:14:25.730506Z	   23 Execute	SELECT se_amt, DATE_FORMAT(se_cash_due_date, '%Y-%m-%d'), se_cash_type FROM settlement WHERE se_t_id = 200000002598349
2022-12-23T14:14:25.730674Z	   31 Execute	SELECT se_amt, DATE_FORMAT(se_cash_due_date, '%Y-%m-%d'), se_cash_type FROM settlement WHERE se_t_id = 200000008380306
2022-12-23T14:14:25.732993Z	   31 Execute	SELECT ct_amt, DATE_FORMAT(ct_dts, '%Y-%m-%d %H:%i:%s.%f'), ct_name FROM cash_transaction WHERE ct_t_id = 200000008380306
2022-12-23T14:14:25.733064Z	   23 Execute	SELECT ct_amt, DATE_FORMAT(ct_dts, '%Y-%m-%d %H:%i:%s.%f'), ct_name FROM cash_transaction WHERE ct_t_id = 200000002598349
2022-12-23T14:14:25.736921Z	   31 Execute	SELECT DATE_FORMAT(th_dts, '%Y-%m-%d %H:%i:%s.%f'), th_st_id FROM trade_history WHERE th_t_id = 200000008380306 ORDER BY th_dts LIMIT 3
2022-12-23T14:14:25.737192Z	   42 Execute	INSERT INTO trade_history(th_t_id, th_dts, th_st_id) VALUES (200000008727817, '2022-12-23 18:14:25', 'SBMT')
2022-12-23T14:14:25.737257Z	   23 Execute	SELECT DATE_FORMAT(th_dts, '%Y-%m-%d %H:%i:%s.%f'), th_st_id FROM trade_history WHERE th_t_id = 200000002598349 ORDER BY th_dts LIMIT 3
2022-12-23T14:16:37.209278Z	   55 Query	commit
2022-12-23T14:16:37.209351Z	   15 Execute	SELECT se_amt, DATE_FORMAT(se_cash_due_date, '%Y-%m-%d'), se_cash_type FROM settlement WHERE se_t_id = 200000004401037
2022-12-23T14:16:37.209591Z	   60 Execute	SELECT DATE_FORMAT(th_dts, '%Y-%m-%d %H:%i:%s.%f'), th_st_id FROM trade_history WHERE th_t_id = 200000007868313 ORDER BY th_dts LIMIT 3
2022-12-23T14:16:37.209596Z	   55 Execute	SET TRANSACTION ISOLATION LEVEL READ COMMITTED
2022-12-23T14:16:37.209647Z	   51 Execute	SELECT se_cash_type FROM settlement WHERE se_t_id = 200000006031085
2022-12-23T14:16:37.209741Z	   63 Execute	SET TRANSACTION ISOLATION LEVEL REPEATABLE READ
2022-12-23T14:16:37.209811Z	   78 Execute	SELECT b_name FROM broker WHERE b_id = 4300000024
2022-12-23T14:16:37.209908Z	   71 Execute	SELECT se_amt, DATE_FORMAT(se_cash_due_date, '%Y-%m-%d'), se_cash_type FROM settlement WHERE se_t_id = 200000003294205
2022-12-23T14:16:37.210457Z	   63 Execute	SELECT ca_name, ca_b_id, ca_c_id, ca_tax_st FROM customer_account WHERE ca_id = 43000012702
2022-12-23T14:16:37.210539Z	   55 Execute	SELECT c_st_id, c_l_name, c_f_name, c_m_name, c_gndr, c_tier, DATE_FORMAT(c_dob,'%Y-%m-%d'), c_ad_id, c_ctry_1, c_area_1, c_local_1, c_ext_1, c_ctry_2, c_area_2, c_local_2, c_ext_2, c_ctry_3, c_area_3, c_local_3, c_ext_3, c_email_1, c_email_2 FROM customer WHERE c_id = 4300003804
2022-12-23T14:16:37.210630Z	   24 Execute	SELECT t_bid_price, t_exec_name, t_is_cash, tt_is_mrkt, t_trade_price FROM trade, trade_type WHERE t_id = 200000006272790 AND t_tt_id = tt_id
2022-12-23T14:16:37.210839Z	   69 Execute	SELECT DATE_FORMAT(dm_date,'%Y-%m-%d'), dm_close, dm_high, dm_low, dm_vol FROM daily_market WHERE dm_s_symb = 'TRCR' AND dm_date >= '2000-03-09' ORDER BY dm_date ASC LIMIT 8
2022-12-23T14:16:37.210945Z	   20 Execute	SELECT b_name FROM broker WHERE b_id = 4300000011
2022-12-23T14:16:37.211087Z	   40 Execute	SELECT ct_name FROM cash_transaction WHERE ct_t_id = 200000005768208
2022-12-23T14:16:37.211177Z	   78 Execute	SELECT co_id FROM company WHERE co_name = 'Epimmune, Inc.'
2022-12-23T14:16:37.211344Z	   52 Execute	SELECT DATE_FORMAT(dm_date,'%Y-%m-%d'), dm_close, dm_high, dm_low, dm_vol FROM daily_market WHERE dm_s_symb = 'IVAC' AND dm_date >= '2002-06-05' ORDER BY dm_date ASC LIMIT 14
2022-12-23T14:16:37.211595Z	   76 Execute	SELECT b_name FROM broker WHERE b_id = 4300000006
2022-12-23T14:16:37.211642Z	   61 Query	commit
2022-12-23T14:16:37.211689Z	   20 Execute	SELECT s_co_id, s_ex_id, s_name FROM security WHERE s_symb = 'MDAPRA'
2022-12-23T14:16:37.211734Z	   61 Execute	SET TRANSACTION ISOLATION LEVEL READ COMMITTED
2022-12-23T14:16:37.211824Z	   76 Execute	SELECT s_co_id, s_ex_id, s_name FROM security WHERE s_symb = 'VMCPRA'
2022-12-23T14:16:37.211873Z	   61 Execute	SELECT s_name, co_id, co_name, co_sp_rate, co_ceo, co_desc, DATE_FORMAT(co_open_date,'%Y-%m-%d'), co_st_id, ca.ad_line1, ca.ad_line2, zca.zc_town, zca.zc_div, ca.ad_zc_code, ca.ad_ctry, s_num_out, DATE_FORMAT(s_start_date,'%Y-%m-%d'), DATE_FORMAT(s_exch_date,'%Y-%m-%d'), s_pe, s_52wk_high, DATE_FORMAT(s_52wk_high_date,'%Y-%m-%d'), s_52wk_low, DATE_FORMAT(s_52wk_low_date,'%Y-%m-%d'), s_dividend, s_yield, zea.zc_div, ea.ad_ctry, ea.ad_line1, ea.ad_line2, zea.zc_town, ea.ad_zc_code, ex_close, ex_desc, ex_name, ex_num_symb, ex_open FROM security, company, address ca, address ea, zip_code zca, zip_code zea, exchange WHERE s_symb = 'ISCA' AND co_id = s_co_id AND ca.ad_id = co_ad_id AND ea.ad_id = ex_ad_id AND ex_id = s_ex_id AND ca.ad_zc_code = zca.zc_code AND ea.ad_zc_code = zea.zc_code
2022-12-23T14:16:37.212048Z	   20 Execute	SELECT co_name FROM company WHERE co_id = 4300002451
2022-12-23T14:16:37.212121Z	   42 Execute	SELECT t_id, t_s_symb, t_qty, st_name, DATE_FORMAT(th_dts,'%Y-%m-%d %H:%i:%s.%f') FROM (SELECT t_id AS id FROM trade WHERE t_ca_id = 43000024264 ORDER BY t_dts DESC LIMIT 10) AS t, trade, trade_history, status_type FORCE INDEX(PRIMARY) WHERE t_id = id AND th_t_id = t_id AND st_id = th_st_id ORDER BY th_dts DESC LIMIT 30
2022-12-23T14:16:37.212239Z	   76 Execute	SELECT co_name FROM company WHERE co_id = 4300000131
2022-12-23T14:16:37.212467Z	   32 Query	commit
2022-12-23T14:16:37.212588Z	   32 Execute	SET TRANSACTION ISOLATION LEVEL READ COMMITTED
2022-12-23T14:16:37.212613Z	   32 Execute	SELECT t_id, DATE_FORMAT(t_dts,'%Y-%m-%d %H:%i:%s.%f'), st_name, tt_name, t_s_symb, t_qty, t_exec_name, t_chrg, s_name, ex_name FROM trade, status_type FORCE INDEX(PRIMARY), trade_type FORCE INDEX(PRIMARY), security, exchange WHERE t_ca_id = 43000035383 AND st_id = t_st_id AND tt_id = t_tt_id AND s_symb = t_s_symb AND ex_id = s_ex_id ORDER BY t_dts DESC LIMIT 50
2022-12-23T14:16:37.212898Z	   19 Query	commit
2022-12-23T14:16:37.212964Z	   19 Execute	SET TRANSACTION ISOLATION LEVEL READ COMMITTED
2022-12-23T14:16:37.212989Z	   19 Execute	SELECT t_id, DATE_FORMAT(t_dts,'%Y-%m-%d %H:%i:%s.%f'), st_name, tt_name, t_s_symb, t_qty, t_exec_name, t_chrg, s_name, ex_name FROM trade, status_type FORCE INDEX(PRIMARY), trade_type FORCE INDEX(PRIMARY), security, exchange WHERE t_ca_id = 43000002011 AND st_id = t_st_id AND tt_id = t_tt_id AND s_symb = t_s_symb AND ex_id = s_ex_id ORDER BY t_dts DESC LIMIT 50
2022-12-23T14:16:37.213337Z	   39 Query	commit
2022-12-23T14:16:37.213379Z	   39 Execute	SET TRANSACTION ISOLATION LEVEL READ COMMITTED
2022-12-23T14:16:37.213398Z	   57 Query	commit
2022-12-23T14:16:37.213428Z	   39 Execute	SELECT t_bid_price, t_exec_name, t_is_cash, t_id, t_trade_price FROM trade WHERE t_ca_id = 43000049882 AND t_dts >= '2005-01-27 11:27:01.258000' AND t_dts <= '2005-02-14 09:15:00.000000' ORDER BY t_dts LIMIT 20
2022-12-23T14:16:37.213527Z	   57 Execute	SET TRANSACTION ISOLATION LEVEL READ COMMITTED
2022-12-23T14:16:37.213669Z	   57 Execute	SELECT s_name, co_id, co_name, co_sp_rate, co_ceo, co_desc, DATE_FORMAT(co_open_date,'%Y-%m-%d'), co_st_id, ca.ad_line1, ca.ad_line2, zca.zc_town, zca.zc_div, ca.ad_zc_code, ca.ad_ctry, s_num_out, DATE_FORMAT(s_start_date,'%Y-%m-%d'), DATE_FORMAT(s_exch_date,'%Y-%m-%d'), s_pe, s_52wk_high, DATE_FORMAT(s_52wk_high_date,'%Y-%m-%d'), s_52wk_low, DATE_FORMAT(s_52wk_low_date,'%Y-%m-%d'), s_dividend, s_yield, zea.zc_div, ea.ad_ctry, ea.ad_line1, ea.ad_line2, zea.zc_town, ea.ad_zc_code, ex_close, ex_desc, ex_name, ex_num_symb, ex_open FROM security, company, address ca, address ea, zip_code zca, zip_code zea, exchange WHERE s_symb = 'ATRI' AND co_id = s_co_id AND ca.ad_id = co_ad_id AND ea.ad_id = ex_ad_id AND ex_id = s_ex_id AND ca.ad_zc_code = zca.zc_code AND ea.ad_zc_code = zea.zc_code
2022-12-23T14:16:37.213891Z	   77 Query	commit
2022-12-23T14:16:37.213944Z	   44 Execute	SELECT c_l_name, c_f_name, b_name FROM customer_account, customer, broker WHERE ca_id = 43000014684 AND c_id = ca_c_id AND b_id = ca_b_id
2022-12-23T14:16:37.214122Z	   77 Execute	SET TRANSACTION ISOLATION LEVEL READ COMMITTED
2022-12-23T14:16:37.214148Z	   77 Execute	SELECT c_id FROM customer WHERE c_tax_id = '166BY4009MR846'
2022-12-23T14:16:37.214537Z	   75 Execute	SELECT se_amt, DATE_FORMAT(se_cash_due_date, '%Y-%m-%d'), se_cash_type FROM settlement WHERE se_t_id = 200000002772559
2022-12-23T14:16:37.214690Z	   30 Execute	SELECT c_l_name, c_f_name, b_name FROM customer_account, customer, broker WHERE ca_id = 43000006701 AND c_id = ca_c_id AND b_id = ca_b_id
2022-12-23T14:16:37.215992Z	   46 Execute	SELECT c_l_name, c_f_name, b_name FROM customer_account, customer, broker WHERE ca_id = 43000004325 AND c_id = ca_c_id AND b_id = ca_b_id
2022-12-23T14:16:37.216166Z	   49 Execute	SELECT c_l_name, c_f_name, b_name FROM customer_account, customer, broker WHERE ca_id = 43000033026 AND c_id = ca_c_id AND b_id = ca_b_id
2022-12-23T14:16:37.216331Z	   33 Execute	SELECT c_l_name, c_f_name, b_name FROM customer_account, customer, broker WHERE ca_id = 43000033602 AND c_id = ca_c_id AND b_id = ca_b_id
2022-12-23T14:16:37.217666Z	   50 Execute	SELECT DATE_FORMAT(th_dts, '%Y-%m-%d %H:%i:%s.%f'), th_st_id FROM trade_history WHERE th_t_id = 200000007352607 ORDER BY th_dts LIMIT 3
2022-12-23T14:16:37.218020Z	   26 Execute	SELECT se_amt, DATE_FORMAT(se_cash_due_date, '%Y-%m-%d'), se_cash_type FROM settlement WHERE se_t_id = 200000004314134
2022-12-23T14:16:37.218138Z	   41 Execute	SELECT ct_amt, DATE_FORMAT(ct_dts, '%Y-%m-%d %H:%i:%s.%f'), ct_name FROM cash_transaction WHERE ct_t_id = 200000005958355
2022-12-23T14:16:37.218270Z	   56 Execute	SELECT DATE_FORMAT(th_dts, '%Y-%m-%d %H:%i:%s.%f'), th_st_id FROM trade_history WHERE th_t_id = 200000004048782 ORDER BY th_dts LIMIT 3
2022-12-23T14:16:37.218385Z	   63 Execute	SELECT c_f_name, c_l_name, c_tier, c_tax_id FROM customer WHERE c_id = 4300001271
2022-12-23T14:16:37.218632Z	   55 Execute	SELECT ca_id, ca_bal, COALESCE(SUM(hs_qty * lt_price),0) AS price_sum FROM customer_account LEFT OUTER JOIN holding_summary ON hs_ca_id = ca_id, last_trade WHERE ca_c_id = 4300003804 AND lt_s_symb = hs_s_symb GROUP BY ca_id,ca_bal ORDER BY price_sum ASC LIMIT 10
2022-12-23T14:16:37.219604Z	   78 Execute	SELECT s_ex_id, s_name, s_symb FROM security WHERE s_co_id = 4300001682 AND s_issue = 'COMMON'
2022-12-23T14:16:37.219725Z	   60 Execute	SELECT se_amt, DATE_FORMAT(se_cash_due_date, '%Y-%m-%d'), se_cash_type FROM settlement WHERE se_t_id = 200000007878449
2022-12-23T14:16:37.220151Z	   41 Execute	SELECT DATE_FORMAT(th_dts, '%Y-%m-%d %H:%i:%s.%f'), th_st_id FROM trade_history WHERE th_t_id = 200000005958355 ORDER BY th_dts LIMIT 3
2022-12-23T14:16:37.220646Z	   52 Execute	SELECT lt_price, lt_open_price, lt_vol FROM last_trade WHERE lt_s_symb = 'IVAC'
2022-12-23T14:16:37.220769Z	   50 Execute	SELECT se_amt, DATE_FORMAT(se_cash_due_date, '%Y-%m-%d'), se_cash_type FROM settlement WHERE se_t_id = 200000007353199
2022-12-23T14:16:37.220840Z	   69 Execute	SELECT lt_price, lt_open_price, lt_vol FROM last_trade WHERE lt_s_symb = 'TRCR'
2022-12-23T14:16:37.220893Z	   56 Execute	SELECT t_bid_price, t_exec_name, t_is_cash, tt_is_mrkt, t_trade_price FROM trade, trade_type WHERE t_id = 200000008355718 AND t_tt_id = tt_id
2022-12-23T14:16:37.221323Z	   66 Execute	SELECT cr_rate FROM commission_rate WHERE cr_c_tier = 2 AND cr_tt_id = 'TLB' AND cr_ex_id = 'NYSE' AND cr_from_qty <= 400 AND cr_to_qty >= 400
2022-12-23T14:16:37.221756Z	   78 Execute	SELECT lt_price FROM last_trade WHERE lt_s_symb = 'EPMN'
2022-12-23T14:16:37.221836Z	   69 Execute	SELECT DATE_FORMAT(ni_dts, '%Y-%m-%d %H:%i:%s.%f'), ni_source, ni_author, ni_headline, ni_summary FROM news_xref, news_item WHERE ni_id = nx_ni_id AND nx_co_id = 4300000456 LIMIT 2
2022-12-23T14:16:37.222202Z	   50 Execute	SELECT ct_amt, DATE_FORMAT(ct_dts, '%Y-%m-%d %H:%i:%s.%f'), ct_name FROM cash_transaction WHERE ct_t_id = 200000007353199
2022-12-23T14:16:37.222262Z	   60 Execute	SELECT ct_amt, DATE_FORMAT(ct_dts, '%Y-%m-%d %H:%i:%s.%f'), ct_name FROM cash_transaction WHERE ct_t_id = 200000007878449
2022-12-23T14:16:37.222378Z	   52 Execute	SELECT DATE_FORMAT(ni_dts, '%Y-%m-%d %H:%i:%s.%f'), ni_source, ni_author, ni_headline, ni_summary FROM news_xref, news_item WHERE ni_id = nx_ni_id AND nx_co_id = 4300002060 LIMIT 2
2022-12-23T14:16:37.222544Z	   66 Execute	SELECT ch_chrg FROM charge WHERE ch_c_tier = 2 AND ch_tt_id = 'TLB'
2022-12-23T14:16:37.222777Z	   41 Execute	SELECT t_bid_price, t_exec_name, t_is_cash, tt_is_mrkt, t_trade_price FROM trade, trade_type WHERE t_id = 200000008353264 AND t_tt_id = tt_id
2022-12-23T14:16:37.222979Z	   50 Execute	SELECT DATE_FORMAT(th_dts, '%Y-%m-%d %H:%i:%s.%f'), th_st_id FROM trade_history WHERE th_t_id = 200000007353199 ORDER BY th_dts LIMIT 3
2022-12-23T14:16:37.223041Z	   60 Execute	SELECT DATE_FORMAT(th_dts, '%Y-%m-%d %H:%i:%s.%f'), th_st_id FROM trade_history WHERE th_t_id = 200000007878449 ORDER BY th_dts LIMIT 3
2022-12-23T14:16:37.223463Z	   35 Execute	SELECT sum(tx_rate) FROM taxrate, customer_taxrate WHERE tx_id = cx_tx_id AND cx_c_id = 4300003465
2022-12-23T14:16:37.224343Z	   50 Execute	SELECT se_amt, DATE_FORMAT(se_cash_due_date, '%Y-%m-%d'), se_cash_type FROM settlement WHERE se_t_id = 200000007353660
2022-12-23T14:16:37.224398Z	   60 Execute	SELECT se_amt, DATE_FORMAT(se_cash_due_date, '%Y-%m-%d'), se_cash_type FROM settlement WHERE se_t_id = 200000007883368
2022-12-23T14:16:37.228759Z	   51 Execute	UPDATE settlement SET se_cash_type = 'Cash' WHERE se_t_id = 200000006031085
2022-12-23T14:16:37.229076Z	   24 Execute	SELECT se_amt, DATE_FORMAT(se_cash_due_date, '%Y-%m-%d'), se_cash_type FROM settlement WHERE se_t_id = 200000006272790
2022-12-23T14:16:37.229145Z	   17 Execute	SELECT fi_year, fi_qtr, DATE_FORMAT(fi_qtr_start_date,'%Y-%m-%d'), fi_revenue, fi_net_earn, fi_basic_eps, fi_dilut_eps, fi_margin, fi_inventory, fi_assets, fi_liability, fi_out_basic, fi_out_dilut FROM financial WHERE fi_co_id = 4300001016 ORDER BY fi_year ASC, fi_qtr LIMIT 20
2022-12-23T14:16:37.233468Z	   15 Execute	SELECT ct_name FROM cash_transaction WHERE ct_t_id = 200000004401037
2022-12-23T14:16:37.233533Z	   63 Execute	SELECT b_name FROM broker WHERE b_id = 4300000015
2022-12-23T14:16:37.233621Z	   26 Execute	SELECT ct_name FROM cash_transaction WHERE ct_t_id = 200000004314134
2022-12-23T14:16:37.236293Z	   45 Query	commit
2022-12-23T14:16:37.236387Z	   24 Execute	SELECT DATE_FORMAT(th_dts, '%Y-%m-%d %H:%i:%s.%f'), th_st_id FROM trade_history WHERE th_t_id = 200000006272790 ORDER BY th_dts LIMIT 3
2022-12-23T14:16:37.236469Z	   63 Execute	SELECT s_co_id, s_ex_id, s_name FROM security WHERE s_symb = 'DYOLF'
2022-12-23T14:16:37.236526Z	   20 Execute	SELECT lt_price FROM last_trade WHERE lt_s_symb = 'MDAPRA'
2022-12-23T14:16:37.236572Z	   51 Execute	SELECT se_amt, DATE_FORMAT(se_cash_due_date, '%Y-%m-%d'), se_cash_type FROM settlement WHERE se_t_id = 200000006031085
2022-12-23T14:16:37.236726Z	   23 Execute	SELECT co_name, in_name FROM company_competitor, company, industry WHERE cp_co_id = 4300001139 AND co_id = cp_comp_co_id AND in_id = cp_in_id LIMIT 3
2022-12-23T14:16:37.236885Z	   71 Execute	SELECT ct_amt, DATE_FORMAT(ct_dts, '%Y-%m-%d %H:%i:%s.%f'), ct_name FROM cash_transaction WHERE ct_t_id = 200000003294205
2022-12-23T14:16:37.236982Z	   45 Execute	SET TRANSACTION ISOLATION LEVEL REPEATABLE READ
2022-12-23T14:16:37.237212Z	   20 Execute	SELECT tt_is_mrkt, tt_is_sell FROM trade_type WHERE tt_id = 'TLB'
2022-12-23T14:16:37.237264Z	   40 Execute	UPDATE cash_transaction SET ct_name = 'Limit-Sell 800 Shares of COMMON of Ducati Motor Holding S.P.A.' WHERE ct_t_id = 200000005768208
2022-12-23T14:16:37.237354Z	   45 Execute	SELECT ca_name, ca_b_id, ca_c_id, ca_tax_st FROM customer_account WHERE ca_id = 43000027513
2022-12-23T14:16:37.237432Z	   15 Execute	UPDATE cash_transaction SET ct_name = 'Limit-Sell 100 Shares of PREF_A of First Banks, Inc.' WHERE ct_t_id = 200000004401037
2022-12-23T14:16:37.237490Z	   63 Execute	SELECT co_name FROM company WHERE co_id = 4300001087
2022-12-23T14:16:37.237537Z	   26 Execute	UPDATE cash_transaction SET ct_name = 'Market-Buy 400 Shares of PREF_A of Vineyard National Bancorp' WHERE ct_t_id = 200000004314134
2022-12-23T14:16:37.237604Z	   76 Execute	SELECT lt_price FROM last_trade WHERE lt_s_symb = 'VMCPRA'
2022-12-23T14:16:37.237651Z	   17 Execute	SELECT DATE_FORMAT(dm_date,'%Y-%m-%d'), dm_close, dm_high, dm_low, dm_vol FROM daily_market WHERE dm_s_symb = 'SEMXPRB' AND dm_date >= '2003-05-17' ORDER BY dm_date ASC LIMIT 7
2022-12-23T14:16:37.237921Z	   51 Execute	SELECT ct_amt, DATE_FORMAT(ct_dts, '%Y-%m-%d %H:%i:%s.%f'), ct_name FROM cash_transaction WHERE ct_t_id = 200000006031085
2022-12-23T14:16:37.237980Z	   20 Execute	SELECT hs_qty FROM holding_summary WHERE hs_ca_id = 43000019381 AND hs_s_symb = 'MDAPRA'
2022-12-23T14:16:37.238942Z	   63 Execute	SELECT lt_price FROM last_trade WHERE lt_s_symb = 'DYOLF'
2022-12-23T14:16:37.239017Z	   40 Execute	SELECT ct_amt, DATE_FORMAT(ct_dts, '%Y-%m-%d %H:%i:%s.%f'), ct_name FROM cash_transaction WHERE ct_t_id = 200000005768208
2022-12-23T14:16:37.239068Z	   76 Execute	SELECT tt_is_mrkt, tt_is_sell FROM trade_type WHERE tt_id = 'TLS'
2022-12-23T14:16:37.239235Z	   26 Execute	SELECT ct_amt, DATE_FORMAT(ct_dts, '%Y-%m-%d %H:%i:%s.%f'), ct_name FROM cash_transaction WHERE ct_t_id = 200000004314134
2022-12-23T14:16:37.239286Z	   15 Execute	SELECT ct_amt, DATE_FORMAT(ct_dts, '%Y-%m-%d %H:%i:%s.%f'), ct_name FROM cash_transaction WHERE ct_t_id = 200000004401037
2022-12-23T14:16:37.239368Z	   78 Execute	SELECT tt_is_mrkt, tt_is_sell FROM trade_type WHERE tt_id = 'TMS'
2022-12-23T14:16:37.239419Z	   71 Execute	SELECT DATE_FORMAT(th_dts, '%Y-%m-%d %H:%i:%s.%f'), th_st_id FROM trade_history WHERE th_t_id = 200000003294205 ORDER BY th_dts LIMIT 3
2022-12-23T14:16:37.239475Z	   45 Execute	SELECT c_f_name, c_l_name, c_tier, c_tax_id FROM customer WHERE c_id = 4300002752
2022-12-23T14:16:37.239544Z	   23 Execute	SELECT fi_year, fi_qtr, DATE_FORMAT(fi_qtr_start_date,'%Y-%m-%d'), fi_revenue, fi_net_earn, fi_basic_eps, fi_dilut_eps, fi_margin, fi_inventory, fi_assets, fi_liability, fi_out_basic, fi_out_dilut FROM financial WHERE fi_co_id = 4300001139 ORDER BY fi_year ASC, fi_qtr LIMIT 20
2022-12-23T14:16:37.239753Z	   63 Execute	SELECT tt_is_mrkt, tt_is_sell FROM trade_type WHERE tt_id = 'TLS'
2022-12-23T14:16:37.239810Z	   76 Execute	SELECT hs_qty FROM holding_summary WHERE hs_ca_id = 43000002926 AND hs_s_symb = 'VMCPRA'
2022-12-23T14:16:37.239879Z	   24 Execute	SELECT t_bid_price, t_exec_name, t_is_cash, tt_is_mrkt, t_trade_price FROM trade, trade_type WHERE t_id = 200000004962104 AND t_tt_id = tt_id
2022-12-23T14:16:37.240029Z	   40 Execute	SELECT DATE_FORMAT(th_dts, '%Y-%m-%d %H:%i:%s.%f'), th_st_id FROM trade_history WHERE th_t_id = 200000005768208 ORDER BY th_dts ASC LIMIT 3
2022-12-23T14:16:37.241271Z	   20 Execute	SELECT h_qty, h_price FROM holding WHERE h_ca_id = 43000019381 AND h_s_symb = 'MDAPRA' ORDER BY h_dts ASC
2022-12-23T14:16:37.241350Z	   26 Execute	SELECT DATE_FORMAT(th_dts, '%Y-%m-%d %H:%i:%s.%f'), th_st_id FROM trade_history WHERE th_t_id = 200000004314134 ORDER BY th_dts ASC LIMIT 3
2022-12-23T14:16:37.241405Z	   78 Execute	SELECT hs_qty FROM holding_summary WHERE hs_ca_id = 43000029552 AND hs_s_symb = 'EPMN'
2022-12-23T14:16:37.241518Z	   15 Execute	SELECT DATE_FORMAT(th_dts, '%Y-%m-%d %H:%i:%s.%f'), th_st_id FROM trade_history WHERE th_t_id = 200000004401037 ORDER BY th_dts ASC LIMIT 3
2022-12-23T14:16:37.241672Z	   51 Execute	SELECT DATE_FORMAT(th_dts, '%Y-%m-%d %H:%i:%s.%f'), th_st_id FROM trade_history WHERE th_t_id = 200000006031085 ORDER BY th_dts LIMIT 3
2022-12-23T14:16:37.242615Z	   56 Execute	SELECT se_amt, DATE_FORMAT(se_cash_due_date, '%Y-%m-%d'), se_cash_type FROM settlement WHERE se_t_id = 200000008355718
2022-12-23T14:16:37.242694Z	   17 Execute	SELECT lt_price, lt_open_price, lt_vol FROM last_trade WHERE lt_s_symb = 'SEMXPRB'
2022-12-23T14:16:37.242787Z	   45 Execute	SELECT b_name FROM broker WHERE b_id = 4300000028
2022-12-23T14:16:37.242845Z	   61 Execute	SELECT co_name, in_name FROM company_competitor, company, industry WHERE cp_co_id = 4300002410 AND co_id = cp_comp_co_id AND in_id = cp_in_id LIMIT 3
2022-12-23T14:16:37.242955Z	   63 Execute	SELECT hs_qty FROM holding_summary WHERE hs_ca_id = 43000012702 AND hs_s_symb = 'DYOLF'
2022-12-23T14:16:37.243376Z	   76 Execute	SELECT h_qty, h_price FROM holding WHERE h_ca_id = 43000002926 AND h_s_symb = 'VMCPRA' ORDER BY h_dts DESC
2022-12-23T14:16:37.243656Z	   24 Execute	SELECT se_amt, DATE_FORMAT(se_cash_due_date, '%Y-%m-%d'), se_cash_type FROM settlement WHERE se_t_id = 200000004962104
2022-12-23T14:16:37.243920Z	   55 Execute	SELECT t_id, t_s_symb, t_qty, st_name, DATE_FORMAT(th_dts,'%Y-%m-%d %H:%i:%s.%f') FROM (SELECT t_id AS id FROM trade WHERE t_ca_id = 43000038033 ORDER BY t_dts DESC LIMIT 10) AS t, trade, trade_history, status_type FORCE INDEX(PRIMARY) WHERE t_id = id AND th_t_id = t_id AND st_id = th_st_id ORDER BY th_dts DESC LIMIT 30
2022-12-23T14:16:37.244052Z	   17 Execute	SELECT DATE_FORMAT(ni_dts, '%Y-%m-%d %H:%i:%s.%f'), ni_source, ni_author, ni_headline, ni_summary FROM news_xref, news_item WHERE ni_id = nx_ni_id AND nx_co_id = 4300001016 LIMIT 2
2022-12-23T14:16:37.244337Z	   40 Execute	SELECT se_amt, DATE_FORMAT(se_cash_due_date, '%Y-%m-%d'), se_cash_type FROM settlement WHERE se_t_id = 200000000532970
2022-12-23T14:16:37.244416Z	   69 Query	commit
2022-12-23T14:16:37.244465Z	   56 Execute	SELECT ct_amt, DATE_FORMAT(ct_dts, '%Y-%m-%d %H:%i:%s.%f'), ct_name FROM cash_transaction WHERE ct_t_id = 200000008355718
2022-12-23T14:16:37.244532Z	   63 Execute	SELECT h_qty, h_price FROM holding WHERE h_ca_id = 43000012702 AND h_s_symb = 'DYOLF' ORDER BY h_dts ASC
2022-12-23T14:16:37.244731Z	   23 Execute	SELECT DATE_FORMAT(dm_date,'%Y-%m-%d'), dm_close, dm_high, dm_low, dm_vol FROM daily_market WHERE dm_s_symb = 'COX' AND dm_date >= '2000-01-16' ORDER BY dm_date ASC LIMIT 20
2022-12-23T14:16:37.244851Z	   71 Execute	SELECT se_cash_type FROM settlement WHERE se_t_id = 200000003300075
2022-12-23T14:16:37.244975Z	   45 Execute	SELECT co_id FROM company WHERE co_name = 'Intrawest Corporation'
2022-12-23T14:16:37.245092Z	   78 Execute	SELECT h_qty, h_price FROM holding WHERE h_ca_id = 43000029552 AND h_s_symb = 'EPMN' ORDER BY h_dts ASC
2022-12-23T14:16:37.245272Z	   51 Execute	SELECT se_cash_type FROM settlement WHERE se_t_id = 200000006031135
2022-12-23T14:16:37.245321Z	   26 Execute	SELECT se_amt, DATE_FORMAT(se_cash_due_date, '%Y-%m-%d'), se_cash_type FROM settlement WHERE se_t_id = 200000006059516
2022-12-23T14:16:37.245385Z	   52 Query	commit
2022-12-23T14:16:37.245420Z	   41 Execute	SELECT se_amt, DATE_FORMAT(se_cash_due_date, '%Y-%m-%d'), se_cash_type FROM settlement WHERE se_t_id = 200000008353264
2022-12-23T14:16:37.245487Z	   69 Execute	SET TRANSACTION ISOLATION LEVEL READ COMMITTED
2022-12-23T14:16:37.245507Z	   24 Execute	SELECT ct_amt, DATE_FORMAT(ct_dts, '%Y-%m-%d %H:%i:%s.%f'), ct_name FROM cash_transaction WHERE ct_t_id = 200000004962104
2022-12-23T14:16:37.245617Z	   66 Close stmt	
2022-12-23T14:16:37.245638Z	   61 Execute	SELECT fi_year, fi_qtr, DATE_FORMAT(fi_qtr_start_date,'%Y-%m-%d'), fi_revenue, fi_net_earn, fi_basic_eps, fi_dilut_eps, fi_margin, fi_inventory, fi_assets, fi_liability, fi_out_basic, fi_out_dilut FROM financial WHERE fi_co_id = 4300002410 ORDER BY fi_year ASC, fi_qtr LIMIT 20
2022-12-23T14:16:37.245854Z	   69 Execute	SELECT t_id, DATE_FORMAT(t_dts,'%Y-%m-%d %H:%i:%s.%f'), st_name, tt_name, t_s_symb, t_qty, t_exec_name, t_chrg, s_name, ex_name FROM trade, status_type FORCE INDEX(PRIMARY), trade_type FORCE INDEX(PRIMARY), security, exchange WHERE t_ca_id = 43000035284 AND st_id = t_st_id AND tt_id = t_tt_id AND s_symb = t_s_symb AND ex_id = s_ex_id ORDER BY t_dts DESC LIMIT 50
2022-12-23T14:16:37.248082Z	   52 Execute	SET TRANSACTION ISOLATION LEVEL READ COMMITTED
2022-12-23T14:16:37.248249Z	   40 Execute	SELECT ct_name FROM cash_transaction WHERE ct_t_id = 200000000532970
2022-12-23T14:16:37.253016Z	   51 Execute	UPDATE settlement SET se_cash_type = 'Cash' WHERE se_t_id = 200000006031135
2022-12-23T14:16:37.253084Z	   15 Execute	SELECT se_amt, DATE_FORMAT(se_cash_due_date, '%Y-%m-%d'), se_cash_type FROM settlement WHERE se_t_id = 200000006146426
2022-12-23T14:16:37.253201Z	   35 Execute	SELECT cr_rate FROM commission_rate WHERE cr_c_tier = 2 AND cr_tt_id = 'TLB' AND cr_ex_id = 'PCX' AND cr_from_qty <= 200 AND cr_to_qty >= 200
2022-12-23T14:16:37.253380Z	   26 Execute	SELECT ct_name FROM cash_transaction WHERE ct_t_id = 200000006059516
2022-12-23T14:16:37.253572Z	   41 Execute	SELECT ct_amt, DATE_FORMAT(ct_dts, '%Y-%m-%d %H:%i:%s.%f'), ct_name FROM cash_transaction WHERE ct_t_id = 200000008353264
2022-12-23T14:16:37.253681Z	   17 Query	commit
2022-12-23T14:16:37.253716Z	   56 Execute	SELECT DATE_FORMAT(th_dts, '%Y-%m-%d %H:%i:%s.%f'), th_st_id FROM trade_history WHERE th_t_id = 200000008355718 ORDER BY th_dts LIMIT 3
2022-12-23T14:16:37.253821Z	   52 Execute	SELECT t_id, DATE_FORMAT(t_dts,'%Y-%m-%d %H:%i:%s.%f'), st_name, tt_name, t_s_symb, t_qty, t_exec_name, t_chrg, s_name, ex_name FROM trade, status_type FORCE INDEX(PRIMARY), trade_type FORCE INDEX(PRIMARY), security, exchange WHERE t_ca_id = 43000046661 AND st_id = t_st_id AND tt_id = t_tt_id AND s_symb = t_s_symb AND ex_id = s_ex_id ORDER BY t_dts DESC LIMIT 50
2022-12-23T14:16:37.255164Z	   66 Prepare	UPDATE seq_trade_id SET id=LAST_INSERT_ID(id+1)
2022-12-23T14:16:37.255308Z	   45 Execute	SELECT s_ex_id, s_name, s_symb FROM security WHERE s_co_id = 4300002186 AND s_issue = 'PREF_B'
2022-12-23T14:16:37.255429Z	   24 Execute	SELECT DATE_FORMAT(th_dts, '%Y-%m-%d %H:%i:%s.%f'), th_st_id FROM trade_history WHERE th_t_id = 200000004962104 ORDER BY th_dts LIMIT 3
2022-12-23T14:16:37.255509Z	   71 Execute	UPDATE settlement SET se_cash_type = 'Cash' WHERE se_t_id = 200000003300075
2022-12-23T14:16:37.255691Z	   60 Execute	SELECT ct_amt, DATE_FORMAT(ct_dts, '%Y-%m-%d %H:%i:%s.%f'), ct_name FROM cash_transaction WHERE ct_t_id = 200000007883368
2022-12-23T14:16:37.255783Z	   17 Execute	SET TRANSACTION ISOLATION LEVEL READ COMMITTED
2022-12-23T14:16:37.255807Z	   66 Execute	UPDATE seq_trade_id SET id=LAST_INSERT_ID(id+1)
2022-12-23T14:16:37.255857Z	   50 Execute	SELECT ct_amt, DATE_FORMAT(ct_dts, '%Y-%m-%d %H:%i:%s.%f'), ct_name FROM cash_transaction WHERE ct_t_id = 200000007353660
2022-12-23T14:16:37.257298Z	   20 Execute	SELECT sum(tx_rate) FROM taxrate, customer_taxrate WHERE tx_id = cx_tx_id AND cx_c_id = 4300001939
2022-12-23T14:16:37.257438Z	   17 Execute	SELECT COALESCE( SUM(s_num_out * dm_close), 0), COALESCE( SUM(s_num_out * lt_price), 0) FROM watch_item, watch_list, last_trade, security, daily_market WHERE wl_c_id = 4300003371 AND wi_wl_id = wl_id AND dm_s_symb = wi_s_symb AND dm_date = '2004-12-31' AND lt_s_symb = dm_s_symb AND s_symb = dm_s_symb
2022-12-23T14:16:37.258900Z	   78 Execute	SELECT cr_rate FROM commission_rate WHERE cr_c_tier = 2 AND cr_tt_id = 'TMS' AND cr_ex_id = 'NYSE' AND cr_from_qty <= 400 AND cr_to_qty >= 400
2022-12-23T14:16:37.260812Z	   40 Execute	UPDATE cash_transaction SET ct_name = 'Market-Sell 800 Shares of COMMON of Ducati Motor Holding S.P.A.' WHERE ct_t_id = 200000000532970
2022-12-23T14:16:37.260876Z	   15 Execute	SELECT ct_name FROM cash_transaction WHERE ct_t_id = 200000006146426
2022-12-23T14:16:37.260949Z	   51 Execute	SELECT se_amt, DATE_FORMAT(se_cash_due_date, '%Y-%m-%d'), se_cash_type FROM settlement WHERE se_t_id = 200000006031135
2022-12-23T14:16:37.261015Z	   66 Close stmt	
2022-12-23T14:16:37.261029Z	   26 Execute	UPDATE cash_transaction SET ct_name = 'Market-Buy 200 Shares of PREF_A of Vineyard National Bancorp' WHERE ct_t_id = 200000006059516
2022-12-23T14:16:37.261265Z	   63 Execute	SELECT sum(tx_rate) FROM taxrate, customer_taxrate WHERE tx_id = cx_tx_id AND cx_c_id = 4300001271
2022-12-23T14:16:37.261360Z	   35 Execute	SELECT ch_chrg FROM charge WHERE ch_c_tier = 2 AND ch_tt_id = 'TLB'
2022-12-23T14:16:37.261476Z	   72 Query	commit
2022-12-23T14:16:37.261553Z	   56 Execute	SELECT t_bid_price, t_exec_name, t_is_cash, tt_is_mrkt, t_trade_price FROM trade, trade_type WHERE t_id = 200000008355761 AND t_tt_id = tt_id
2022-12-23T14:16:37.261669Z	   41 Execute	SELECT DATE_FORMAT(th_dts, '%Y-%m-%d %H:%i:%s.%f'), th_st_id FROM trade_history WHERE th_t_id = 200000008353264 ORDER BY th_dts LIMIT 3
2022-12-23T14:16:37.262157Z	   66 Prepare	SELECT LAST_INSERT_ID()
2022-12-23T14:16:37.264790Z	   61 Execute	SELECT DATE_FORMAT(dm_date,'%Y-%m-%d'), dm_close, dm_high, dm_low, dm_vol FROM daily_market WHERE dm_s_symb = 'ISCA' AND dm_date >= '2001-05-23' ORDER BY dm_date ASC LIMIT 5
2022-12-23T14:16:37.266004Z	   51 Execute	SELECT ct_amt, DATE_FORMAT(ct_dts, '%Y-%m-%d %H:%i:%s.%f'), ct_name FROM cash_transaction WHERE ct_t_id = 200000006031135
2022-12-23T14:16:37.266241Z	   42 Query	commit
2022-12-23T14:16:37.266328Z	   26 Execute	SELECT ct_amt, DATE_FORMAT(ct_dts, '%Y-%m-%d %H:%i:%s.%f'), ct_name FROM cash_transaction WHERE ct_t_id = 200000006059516
2022-12-23T14:16:37.266387Z	   40 Execute	SELECT ct_amt, DATE_FORMAT(ct_dts, '%Y-%m-%d %H:%i:%s.%f'), ct_name FROM cash_transaction WHERE ct_t_id = 200000000532970
2022-12-23T14:16:37.266486Z	   72 Execute	SET TRANSACTION ISOLATION LEVEL READ COMMITTED
2022-12-23T14:16:37.266510Z	   71 Execute	SELECT se_amt, DATE_FORMAT(se_cash_due_date, '%Y-%m-%d'), se_cash_type FROM settlement WHERE se_t_id = 200000003300075
2022-12-23T14:16:37.266617Z	   45 Execute	SELECT lt_price FROM last_trade WHERE lt_s_symb = 'IDRPRB'
2022-12-23T14:16:37.266678Z	   35 Close stmt	
2022-12-23T14:16:37.266701Z	   23 Execute	SELECT lt_price, lt_open_price, lt_vol FROM last_trade WHERE lt_s_symb = 'COX'
2022-12-23T14:16:37.266834Z	   66 Execute	SELECT LAST_INSERT_ID()
2022-12-23T14:16:37.266861Z	   15 Execute	UPDATE cash_transaction SET ct_name = 'Limit-Sell 800 Shares of PREF_A of First Banks, Inc.' WHERE ct_t_id = 200000006146426
2022-12-23T14:16:37.266916Z	   60 Execute	SELECT DATE_FORMAT(th_dts, '%Y-%m-%d %H:%i:%s.%f'), th_st_id FROM trade_history WHERE th_t_id = 200000007883368 ORDER BY th_dts LIMIT 3
2022-12-23T14:16:37.267021Z	   20 Execute	SELECT cr_rate FROM commission_rate WHERE cr_c_tier = 2 AND cr_tt_id = 'TLB' AND cr_ex_id = 'PCX' AND cr_from_qty <= 400 AND cr_to_qty >= 400
2022-12-23T14:16:37.267160Z	   50 Execute	SELECT DATE_FORMAT(th_dts, '%Y-%m-%d %H:%i:%s.%f'), th_st_id FROM trade_history WHERE th_t_id = 200000007353660 ORDER BY th_dts LIMIT 3
2022-12-23T14:16:37.267225Z	   72 Execute	SELECT COALESCE( SUM(s_num_out * dm_close), 0), COALESCE( SUM(s_num_out * lt_price), 0) FROM watch_item, watch_list, last_trade, security, daily_market WHERE wl_c_id = 4300000268 AND wi_wl_id = wl_id AND dm_s_symb = wi_s_symb AND dm_date = '2003-04-25' AND lt_s_symb = dm_s_symb AND s_symb = dm_s_symb
2022-12-23T14:16:37.268219Z	   42 Execute	SET TRANSACTION ISOLATION LEVEL READ COMMITTED
2022-12-23T14:16:37.268313Z	   66 Execute	INSERT INTO trade(t_id, t_dts, t_st_id, t_tt_id, t_is_cash, t_s_symb, t_qty, t_bid_price, t_ca_id, t_exec_name, t_trade_price, t_chrg, t_comm, t_tax, t_lifo) VALUES (200000008731629, '2022-12-23 18:16:37', 'PNDG', 'TLB', 1, 'GXPPRC', 400, 27.07, 43000013291, 'Thomas Barnhouse', NULL, 5, 34.65, 0, 0)
2022-12-23T14:16:37.268564Z	   78 Execute	SELECT ch_chrg FROM charge WHERE ch_c_tier = 2 AND ch_tt_id = 'TMS'
2022-12-23T14:16:37.268660Z	   63 Execute	SELECT cr_rate FROM commission_rate WHERE cr_c_tier = 1 AND cr_tt_id = 'TLS' AND cr_ex_id = 'NYSE' AND cr_from_qty <= 400 AND cr_to_qty >= 400
2022-12-23T14:16:37.273007Z	   42 Execute	SELECT t_id, DATE_FORMAT(t_dts,'%Y-%m-%d %H:%i:%s.%f'), st_name, tt_name, t_s_symb, t_qty, t_exec_name, t_chrg, s_name, ex_name FROM trade, status_type FORCE INDEX(PRIMARY), trade_type FORCE INDEX(PRIMARY), security, exchange WHERE t_ca_id = 43000029271 AND st_id = t_st_id AND tt_id = t_tt_id AND s_symb = t_s_symb AND ex_id = s_ex_id ORDER BY t_dts DESC LIMIT 50
2022-12-23T14:16:37.273118Z	   40 Execute	SELECT DATE_FORMAT(th_dts, '%Y-%m-%d %H:%i:%s.%f'), th_st_id FROM trade_history WHERE th_t_id = 200000000532970 ORDER BY th_dts ASC LIMIT 3
2022-12-23T14:16:37.273217Z	   44 Query	commit
2022-12-23T14:16:37.273299Z	   71 Execute	SELECT ct_amt, DATE_FORMAT(ct_dts, '%Y-%m-%d %H:%i:%s.%f'), ct_name FROM cash_transaction WHERE ct_t_id = 200000003300075
2022-12-23T14:16:37.273449Z	   24 Query	commit
2022-12-23T14:16:37.273481Z	   26 Execute	SELECT DATE_FORMAT(th_dts, '%Y-%m-%d %H:%i:%s.%f'), th_st_id FROM trade_history WHERE th_t_id = 200000006059516 ORDER BY th_dts ASC LIMIT 3
2022-12-23T14:16:37.273595Z	   35 Prepare	UPDATE seq_trade_id SET id=LAST_INSERT_ID(id+1)
2022-12-23T14:16:37.273611Z	   23 Execute	SELECT DATE_FORMAT(ni_dts, '%Y-%m-%d %H:%i:%s.%f'), ni_source, ni_author, ni_headline, ni_summary FROM news_xref, news_item WHERE ni_id = nx_ni_id AND nx_co_id = 4300001139 LIMIT 2
2022-12-23T14:16:37.273725Z	   45 Execute	SELECT tt_is_mrkt, tt_is_sell FROM trade_type WHERE tt_id = 'TMS'
2022-12-23T14:16:37.273822Z	   77 Execute	SELECT c_st_id, c_l_name, c_f_name, c_m_name, c_gndr, c_tier, DATE_FORMAT(c_dob,'%Y-%m-%d'), c_ad_id, c_ctry_1, c_area_1, c_local_1, c_ext_1, c_ctry_2, c_area_2, c_local_2, c_ext_2, c_ctry_3, c_area_3, c_local_3, c_ext_3, c_email_1, c_email_2 FROM customer WHERE c_id = 4300003384
2022-12-23T14:16:37.273922Z	   41 Execute	SELECT t_bid_price, t_exec_name, t_is_cash, tt_is_mrkt, t_trade_price FROM trade, trade_type WHERE t_id = 200000008319894 AND t_tt_id = tt_id
2022-12-23T14:16:37.274003Z	   35 Execute	UPDATE seq_trade_id SET id=LAST_INSERT_ID(id+1)
2022-12-23T14:16:37.274057Z	   15 Execute	SELECT ct_amt, DATE_FORMAT(ct_dts, '%Y-%m-%d %H:%i:%s.%f'), ct_name FROM cash_transaction WHERE ct_t_id = 200000006146426
2022-12-23T14:16:37.274109Z	   56 Execute	SELECT se_amt, DATE_FORMAT(se_cash_due_date, '%Y-%m-%d'), se_cash_type FROM settlement WHERE se_t_id = 200000008355761
2022-12-23T14:16:37.274169Z	   24 Execute	SET TRANSACTION ISOLATION LEVEL REPEATABLE READ
2022-12-23T14:16:37.274189Z	   51 Execute	SELECT DATE_FORMAT(th_dts, '%Y-%m-%d %H:%i:%s.%f'), th_st_id FROM trade_history WHERE th_t_id = 200000006031135 ORDER BY th_dts LIMIT 3
2022-12-23T14:16:37.274247Z	   38 Query	commit
2022-12-23T14:16:37.274560Z	   24 Execute	SELECT ca_name, ca_b_id, ca_c_id, ca_tax_st FROM customer_account WHERE ca_id = 43000019421
2022-12-23T14:16:37.274674Z	   38 Execute	SET TRANSACTION ISOLATION LEVEL READ COMMITTED
2022-12-23T14:16:37.274700Z	   76 Execute	SELECT sum(tx_rate) FROM taxrate, customer_taxrate WHERE tx_id = cx_tx_id AND cx_c_id = 4300000293
2022-12-23T14:16:37.274809Z	   61 Execute	SELECT lt_price, lt_open_price, lt_vol FROM last_trade WHERE lt_s_symb = 'ISCA'
2022-12-23T14:16:37.274862Z	   35 Close stmt	
2022-12-23T14:16:37.274885Z	   15 Execute	SELECT DATE_FORMAT(th_dts, '%Y-%m-%d %H:%i:%s.%f'), th_st_id FROM trade_history WHERE th_t_id = 200000006146426 ORDER BY th_dts ASC LIMIT 3
2022-12-23T14:16:37.274944Z	   56 Execute	SELECT ct_amt, DATE_FORMAT(ct_dts, '%Y-%m-%d %H:%i:%s.%f'), ct_name FROM cash_transaction WHERE ct_t_id = 200000008355761
2022-12-23T14:16:37.275010Z	   20 Execute	SELECT ch_chrg FROM charge WHERE ch_c_tier = 2 AND ch_tt_id = 'TLB'
2022-12-23T14:16:37.275080Z	   78 Close stmt	
2022-12-23T14:16:37.276370Z	   44 Execute	SET TRANSACTION ISOLATION LEVEL READ COMMITTED
2022-12-23T14:16:37.276401Z	   21 Execute	SELECT se_amt, DATE_FORMAT(se_cash_due_date, '%Y-%m-%d'), se_cash_type FROM settlement WHERE se_t_id = 200000002303286
2022-12-23T14:16:37.277043Z	   38 Execute	SELECT s_name, co_id, co_name, co_sp_rate, co_ceo, co_desc, DATE_FORMAT(co_open_date,'%Y-%m-%d'), co_st_id, ca.ad_line1, ca.ad_line2, zca.zc_town, zca.zc_div, ca.ad_zc_code, ca.ad_ctry, s_num_out, DATE_FORMAT(s_start_date,'%Y-%m-%d'), DATE_FORMAT(s_exch_date,'%Y-%m-%d'), s_pe, s_52wk_high, DATE_FORMAT(s_52wk_high_date,'%Y-%m-%d'), s_52wk_low, DATE_FORMAT(s_52wk_low_date,'%Y-%m-%d'), s_dividend, s_yield, zea.zc_div, ea.ad_ctry, ea.ad_line1, ea.ad_line2, zea.zc_town, ea.ad_zc_code, ex_close, ex_desc, ex_name, ex_num_symb, ex_open FROM security, company, address ca, address ea, zip_code zca, zip_code zea, exchange WHERE s_symb = 'VTA' AND co_id = s_co_id AND ca.ad_id = co_ad_id AND ea.ad_id = ex_ad_id AND ex_id = s_ex_id AND ca.ad_zc_code = zca.zc_code AND ea.ad_zc_code = zea.zc_code
2022-12-23T14:16:37.277301Z	   77 Execute	SELECT ca_id, ca_bal, COALESCE(SUM(hs_qty * lt_price),0) AS price_sum FROM customer_account LEFT OUTER JOIN holding_summary ON hs_ca_id = ca_id, last_trade WHERE ca_c_id = 4300003384 AND lt_s_symb = hs_s_symb GROUP BY ca_id,ca_bal ORDER BY price_sum ASC LIMIT 10
2022-12-23T14:16:37.277811Z	   71 Execute	SELECT DATE_FORMAT(th_dts, '%Y-%m-%d %H:%i:%s.%f'), th_st_id FROM trade_history WHERE th_t_id = 200000003300075 ORDER BY th_dts LIMIT 3
2022-12-23T14:16:37.277873Z	   40 Execute	SELECT se_amt, DATE_FORMAT(se_cash_due_date, '%Y-%m-%d'), se_cash_type FROM settlement WHERE se_t_id = 200000004023856
2022-12-23T14:16:37.278053Z	   57 Execute	SELECT co_name, in_name FROM company_competitor, company, industry WHERE cp_co_id = 4300000618 AND co_id = cp_comp_co_id AND in_id = cp_in_id LIMIT 3
2022-12-23T14:16:37.278190Z	   45 Execute	SELECT hs_qty FROM holding_summary WHERE hs_ca_id = 43000027513 AND hs_s_symb = 'IDRPRB'
2022-12-23T14:16:37.278257Z	   44 Execute	SELECT t_id FROM trade WHERE t_ca_id = 43000008454 AND t_dts >= '2005-02-09 11:57:24.481000' ORDER BY t_dts ASC LIMIT 1
2022-12-23T14:16:37.278348Z	   41 Execute	SELECT se_amt, DATE_FORMAT(se_cash_due_date, '%Y-%m-%d'), se_cash_type FROM settlement WHERE se_t_id = 200000008319894
2022-12-23T14:16:37.278491Z	   35 Prepare	SELECT LAST_INSERT_ID()
2022-12-23T14:16:37.278508Z	   60 Execute	SELECT se_amt, DATE_FORMAT(se_cash_due_date, '%Y-%m-%d'), se_cash_type FROM settlement WHERE se_t_id = 200000007883601
2022-12-23T14:16:37.278586Z	   62 Execute	SELECT se_amt, DATE_FORMAT(se_cash_due_date, '%Y-%m-%d'), se_cash_type FROM settlement WHERE se_t_id = 200000003902441
2022-12-23T14:16:37.279856Z	   61 Execute	SELECT DATE_FORMAT(ni_dts, '%Y-%m-%d %H:%i:%s.%f'), ni_source, ni_author, ni_headline, ni_summary FROM news_xref, news_item WHERE ni_id = nx_ni_id AND nx_co_id = 4300002410 LIMIT 2
2022-12-23T14:16:37.280302Z	   23 Query	commit
2022-12-23T14:16:37.280350Z	   35 Execute	SELECT LAST_INSERT_ID()
2022-12-23T14:16:37.280379Z	   39 Execute	SELECT se_amt, DATE_FORMAT(se_cash_due_date, '%Y-%m-%d'), se_cash_type FROM settlement WHERE se_t_id = 200000008046469
2022-12-23T14:16:37.280451Z	   78 Prepare	UPDATE seq_trade_id SET id=LAST_INSERT_ID(id+1)
2022-12-23T14:16:37.280467Z	   20 Close stmt	
2022-12-23T14:16:37.280479Z	   50 Execute	SELECT se_amt, DATE_FORMAT(se_cash_due_date, '%Y-%m-%d'), se_cash_type FROM settlement WHERE se_t_id = 200000007354734
2022-12-23T14:16:37.280579Z	   56 Execute	SELECT DATE_FORMAT(th_dts, '%Y-%m-%d %H:%i:%s.%f'), th_st_id FROM trade_history WHERE th_t_id = 200000008355761 ORDER BY th_dts LIMIT 3
2022-12-23T14:16:37.280764Z	   24 Execute	SELECT c_f_name, c_l_name, c_tier, c_tax_id FROM customer WHERE c_id = 4300001943
2022-12-23T14:16:37.280853Z	   78 Execute	UPDATE seq_trade_id SET id=LAST_INSERT_ID(id+1)
2022-12-23T14:16:37.280914Z	   63 Execute	SELECT ch_chrg FROM charge WHERE ch_c_tier = 1 AND ch_tt_id = 'TLS'
2022-12-23T14:16:37.280999Z	   35 Execute	INSERT INTO trade(t_id, t_dts, t_st_id, t_tt_id, t_is_cash, t_s_symb, t_qty, t_bid_price, t_ca_id, t_exec_name, t_trade_price, t_chrg, t_comm, t_tax, t_lifo) VALUES (200000008731630, '2022-12-23 18:16:37', 'PNDG', 'TLB', 1, 'BOBEPRB', 200, 21.39, 43000034643, 'Sam Huhta', NULL, 5, 18.82, 0, 0)
2022-12-23T14:16:37.281151Z	   23 Execute	SET TRANSACTION ISOLATION LEVEL READ COMMITTED
2022-12-23T14:16:37.281161Z	   51 Execute	SELECT se_cash_type FROM settlement WHERE se_t_id = 200000006059515
2022-12-23T14:16:37.281286Z	   75 Execute	SELECT ct_amt, DATE_FORMAT(ct_dts, '%Y-%m-%d %H:%i:%s.%f'), ct_name FROM cash_transaction WHERE ct_t_id = 200000002772559
2022-12-23T14:16:37.281291Z	   40 Execute	SELECT ct_name FROM cash_transaction WHERE ct_t_id = 200000004023856
2022-12-23T14:16:37.282250Z	   45 Execute	SELECT h_qty, h_price FROM holding WHERE h_ca_id = 43000027513 AND h_s_symb = 'IDRPRB' ORDER BY h_dts ASC
2022-12-23T14:16:37.282320Z	   20 Prepare	UPDATE seq_trade_id SET id=LAST_INSERT_ID(id+1)
2022-12-23T14:16:37.282410Z	   23 Execute	SELECT t_id, DATE_FORMAT(t_dts,'%Y-%m-%d %H:%i:%s.%f'), st_name, tt_name, t_s_symb, t_qty, t_exec_name, t_chrg, s_name, ex_name FROM trade, status_type FORCE INDEX(PRIMARY), trade_type FORCE INDEX(PRIMARY), security, exchange WHERE t_ca_id = 43000026013 AND st_id = t_st_id AND tt_id = t_tt_id AND s_symb = t_s_symb AND ex_id = s_ex_id ORDER BY t_dts DESC LIMIT 50
2022-12-23T14:16:37.282673Z	   60 Execute	SELECT ct_amt, DATE_FORMAT(ct_dts, '%Y-%m-%d %H:%i:%s.%f'), ct_name FROM cash_transaction WHERE ct_t_id = 200000007883601
2022-12-23T14:16:37.283388Z	   76 Execute	SELECT cr_rate FROM commission_rate WHERE cr_c_tier = 2 AND cr_tt_id = 'TLS' AND cr_ex_id = 'AMEX' AND cr_from_qty <= 200 AND cr_to_qty >= 200
2022-12-23T14:16:37.283572Z	   78 Close stmt	
2022-12-23T14:16:37.283592Z	   41 Execute	SELECT ct_amt, DATE_FORMAT(ct_dts, '%Y-%m-%d %H:%i:%s.%f'), ct_name FROM cash_transaction WHERE ct_t_id = 200000008319894
2022-12-23T14:16:37.283683Z	   20 Execute	UPDATE seq_trade_id SET id=LAST_INSERT_ID(id+1)
2022-12-23T14:16:37.283740Z	   39 Execute	SELECT ct_amt, DATE_FORMAT(ct_dts, '%Y-%m-%d %H:%i:%s.%f'), ct_name FROM cash_transaction WHERE ct_t_id = 200000008046469
2022-12-23T14:16:37.283835Z	   44 Execute	SELECT h1.hh_h_t_id, h1.hh_t_id, h1.hh_before_qty, h1.hh_after_qty FROM holding_history h1, holding_history h2 WHERE h1.hh_h_t_id = h2.hh_h_t_id AND h2.hh_t_id = 200000001592704 LIMIT 20
2022-12-23T14:16:37.283915Z	   63 Close stmt	
